2026-05-20 18:51:42,359 - aqt.main - INFO - installer 22804 aqtinstall(aqt) v3.3.0 on Python 3.14.4 [CPython MSC v.1944 64 bit (AMD64)]
2026-05-20 18:51:42,360 - aqt.helper - DEBUG - helper 22804 Attempt to download checksum at https://download.qt.io/online/qtsdkrepository/windows_x86/desktop/qt6_680/qt6_680/Updates.xml.sha256
2026-05-20 18:51:43,171 - aqt.helper - DEBUG - helper 22804 Attempt to download checksum at https://download.qt.io/online/qtsdkrepository/windows_x86/extensions/qtwebengine/680/msvc2022_64/Updates.xml.sha256
2026-05-20 18:51:43,855 - aqt.archives - INFO - archives 22804 Found extension qtwebengine
2026-05-20 18:51:43,856 - aqt.helper - DEBUG - helper 22804 Attempt to download checksum at https://download.qt.io/online/qtsdkrepository/windows_x86/extensions/qtpdf/680/msvc2022_64/Updates.xml.sha256
2026-05-20 18:51:44,538 - aqt.archives - INFO - archives 22804 Found extension qtpdf
2026-05-20 18:51:45,190 - aqt.helper - DEBUG - helper 14004 Attempt to download checksum at https://download.qt.io/online/qtsdkrepository/windows_x86/desktop/qt6_680/qt6_680/qt.qt6.680.win64_msvc2022_64/6.8.0-0-202410030750qtbase-Windows-Windows_11_23H2-MSVC2022-Windows-Windows_11_23H2-X86_64.7z.sha256
2026-05-20 18:51:45,190 - aqt.helper - DEBUG - helper 14024 Attempt to download checksum at https://download.qt.io/online/qtsdkrepository/windows_x86/desktop/qt6_680/qt6_680/qt.qt6.680.win64_msvc2022_64/6.8.0-0-202410030750qtsvg-Windows-Windows_11_23H2-MSVC2022-Windows-Windows_11_23H2-X86_64.7z.sha256
2026-05-20 18:51:45,191 - aqt.helper - DEBUG - helper 2920 Attempt to download checksum at https://download.qt.io/online/qtsdkrepository/windows_x86/desktop/qt6_680/qt6_680/qt.qt6.680.win64_msvc2022_64/6.8.0-0-202410030750qttools-Windows-Windows_11_23H2-MSVC2022-Windows-Windows_11_23H2-X86_64.7z.sha256
2026-05-20 18:51:45,192 - aqt.helper - DEBUG - helper 33368 Attempt to download checksum at https://download.qt.io/online/qtsdkrepository/windows_x86/desktop/qt6_680/qt6_680/qt.qt6.680.win64_msvc2022_64/6.8.0-0-202410030750qtdeclarative-Windows-Windows_11_23H2-MSVC2022-Windows-Windows_11_23H2-X86_64.7z.sha256
2026-05-20 18:51:45,689 - aqt.helper - INFO - helper 33368 Downloading qtdeclarative...
2026-05-20 18:51:45,691 - aqt.helper - INFO - helper 14024 Downloading qtsvg...
2026-05-20 18:51:45,692 - aqt.helper - INFO - helper 2920 Downloading qttools...
2026-05-20 18:51:45,692 - aqt.helper - INFO - helper 14004 Downloading qtbase...
2026-05-20 18:51:45,689 - aqt.installer - DEBUG - installer 33368 Download URL: https://download.qt.io/online/qtsdkrepository/windows_x86/desktop/qt6_680/qt6_680/qt.qt6.680.win64_msvc2022_64/6.8.0-0-202410030750qtdeclarative-Windows-Windows_11_23H2-MSVC2022-Windows-Windows_11_23H2-X86_64.7z
2026-05-20 18:51:45,691 - aqt.installer - DEBUG - installer 14024 Download URL: https://download.qt.io/online/qtsdkrepository/windows_x86/desktop/qt6_680/qt6_680/qt.qt6.680.win64_msvc2022_64/6.8.0-0-202410030750qtsvg-Windows-Windows_11_23H2-MSVC2022-Windows-Windows_11_23H2-X86_64.7z
2026-05-20 18:51:45,692 - aqt.installer - DEBUG - installer 2920 Download URL: https://download.qt.io/online/qtsdkrepository/windows_x86/desktop/qt6_680/qt6_680/qt.qt6.680.win64_msvc2022_64/6.8.0-0-202410030750qttools-Windows-Windows_11_23H2-MSVC2022-Windows-Windows_11_23H2-X86_64.7z
2026-05-20 18:51:45,692 - aqt.installer - DEBUG - installer 14004 Download URL: https://download.qt.io/online/qtsdkrepository/windows_x86/desktop/qt6_680/qt6_680/qt.qt6.680.win64_msvc2022_64/6.8.0-0-202410030750qtbase-Windows-Windows_11_23H2-MSVC2022-Windows-Windows_11_23H2-X86_64.7z
2026-05-20 18:51:46,191 - aqt.helper - DEBUG - helper 2920 Asked to redirect(302) to: https://ftp.fau.de/qtproject/online/qtsdkrepository/windows_x86/desktop/qt6_680/qt6_680/qt.qt6.680.win64_msvc2022_64/6.8.0-0-202410030750qttools-Windows-Windows_11_23H2-MSVC2022-Windows-Windows_11_23H2-X86_64.7z
2026-05-20 18:51:46,192 - aqt.helper - INFO - helper 2920 Redirected: ftp.fau.de
2026-05-20 18:51:46,195 - aqt.helper - DEBUG - helper 14004 Asked to redirect(302) to: https://ftp.fau.de/qtproject/online/qtsdkrepository/windows_x86/desktop/qt6_680/qt6_680/qt.qt6.680.win64_msvc2022_64/6.8.0-0-202410030750qtbase-Windows-Windows_11_23H2-MSVC2022-Windows-Windows_11_23H2-X86_64.7z
2026-05-20 18:51:46,196 - aqt.helper - INFO - helper 14004 Redirected: ftp.fau.de
2026-05-20 18:51:46,196 - aqt.helper - DEBUG - helper 14024 Asked to redirect(302) to: https://ftp.fau.de/qtproject/online/qtsdkrepository/windows_x86/desktop/qt6_680/qt6_680/qt.qt6.680.win64_msvc2022_64/6.8.0-0-202410030750qtsvg-Windows-Windows_11_23H2-MSVC2022-Windows-Windows_11_23H2-X86_64.7z
2026-05-20 18:51:46,196 - aqt.helper - INFO - helper 14024 Redirected: ftp.fau.de
2026-05-20 18:51:46,196 - aqt.helper - DEBUG - helper 33368 Asked to redirect(302) to: https://ftp.fau.de/qtproject/online/qtsdkrepository/windows_x86/desktop/qt6_680/qt6_680/qt.qt6.680.win64_msvc2022_64/6.8.0-0-202410030750qtdeclarative-Windows-Windows_11_23H2-MSVC2022-Windows-Windows_11_23H2-X86_64.7z
2026-05-20 18:51:46,196 - aqt.helper - INFO - helper 33368 Redirected: ftp.fau.de
2026-05-20 18:51:46,772 - aqt.installer - INFO - installer 14024 Finished installation of qtsvg-Windows-Windows_11_23H2-MSVC2022-Windows-Windows_11_23H2-X86_64.7z in 1.58333330
2026-05-20 18:51:46,784 - aqt.helper - DEBUG - helper 14024 Attempt to download checksum at https://download.qt.io/online/qtsdkrepository/windows_x86/desktop/qt6_680/qt6_680/qt.qt6.680.win64_msvc2022_64/6.8.0-0-202410030750qttranslations-Windows-Windows_11_23H2-MSVC2022-Windows-Windows_11_23H2-X86_64.7z.sha256
2026-05-20 18:51:47,308 - aqt.helper - INFO - helper 14024 Downloading qttranslations...
2026-05-20 18:51:47,308 - aqt.installer - DEBUG - installer 14024 Download URL: https://download.qt.io/online/qtsdkrepository/windows_x86/desktop/qt6_680/qt6_680/qt.qt6.680.win64_msvc2022_64/6.8.0-0-202410030750qttranslations-Windows-Windows_11_23H2-MSVC2022-Windows-Windows_11_23H2-X86_64.7z
2026-05-20 18:51:47,797 - aqt.helper - DEBUG - helper 14024 Asked to redirect(302) to: https://ftp.fau.de/qtproject/online/qtsdkrepository/windows_x86/desktop/qt6_680/qt6_680/qt.qt6.680.win64_msvc2022_64/6.8.0-0-202410030750qttranslations-Windows-Windows_11_23H2-MSVC2022-Windows-Windows_11_23H2-X86_64.7z
2026-05-20 18:51:47,797 - aqt.helper - INFO - helper 14024 Redirected: ftp.fau.de
2026-05-20 18:51:48,550 - aqt.installer - INFO - installer 14024 Finished installation of qttranslations-Windows-Windows_11_23H2-MSVC2022-Windows-Windows_11_23H2-X86_64.7z in 1.76772770
2026-05-20 18:51:48,564 - aqt.helper - DEBUG - helper 14024 Attempt to download checksum at https://download.qt.io/online/qtsdkrepository/windows_x86/desktop/qt6_680/qt6_680/qt.qt6.680.win64_msvc2022_64/6.8.0-0-202410030750d3dcompiler_47-x64.7z.sha256
2026-05-20 18:51:48,957 - aqt.helper - INFO - helper 14024 Downloading d3dcompiler_47...
2026-05-20 18:51:48,957 - aqt.installer - DEBUG - installer 14024 Download URL: https://download.qt.io/online/qtsdkrepository/windows_x86/desktop/qt6_680/qt6_680/qt.qt6.680.win64_msvc2022_64/6.8.0-0-202410030750d3dcompiler_47-x64.7z
2026-05-20 18:51:49,374 - aqt.helper - DEBUG - helper 14024 Asked to redirect(302) to: https://ftp.fau.de/qtproject/online/qtsdkrepository/windows_x86/desktop/qt6_680/qt6_680/qt.qt6.680.win64_msvc2022_64/6.8.0-0-202410030750d3dcompiler_47-x64.7z
2026-05-20 18:51:49,374 - aqt.helper - INFO - helper 14024 Redirected: ftp.fau.de
2026-05-20 18:51:49,417 - aqt.installer - INFO - installer 2920 Finished installation of qttools-Windows-Windows_11_23H2-MSVC2022-Windows-Windows_11_23H2-X86_64.7z in 4.22700040
2026-05-20 18:51:49,431 - aqt.helper - DEBUG - helper 2920 Attempt to download checksum at https://download.qt.io/online/qtsdkrepository/windows_x86/desktop/qt6_680/qt6_680/qt.qt6.680.win64_msvc2022_64/6.8.0-0-202410030750opengl32sw-64-mesa_11_2_2-signed_sha256.7z.sha256
2026-05-20 18:51:49,839 - aqt.helper - INFO - helper 2920 Downloading opengl32sw...
2026-05-20 18:51:49,839 - aqt.installer - DEBUG - installer 2920 Download URL: https://download.qt.io/online/qtsdkrepository/windows_x86/desktop/qt6_680/qt6_680/qt.qt6.680.win64_msvc2022_64/6.8.0-0-202410030750opengl32sw-64-mesa_11_2_2-signed_sha256.7z
2026-05-20 18:51:49,940 - aqt.installer - INFO - installer 14024 Finished installation of d3dcompiler_47-x64.7z in 1.37823340
2026-05-20 18:51:50,197 - aqt.helper - DEBUG - helper 2920 Asked to redirect(302) to: https://ftp.fau.de/qtproject/online/qtsdkrepository/windows_x86/desktop/qt6_680/qt6_680/qt.qt6.680.win64_msvc2022_64/6.8.0-0-202410030750opengl32sw-64-mesa_11_2_2-signed_sha256.7z
2026-05-20 18:51:50,197 - aqt.helper - INFO - helper 2920 Redirected: ftp.fau.de
2026-05-20 18:51:50,980 - aqt.installer - INFO - installer 2920 Finished installation of opengl32sw-64-mesa_11_2_2-signed_sha256.7z in 1.55112970
2026-05-20 18:51:52,506 - aqt.installer - INFO - installer 14004 Finished installation of qtbase-Windows-Windows_11_23H2-MSVC2022-Windows-Windows_11_23H2-X86_64.7z in 7.31797460
2026-05-20 18:52:05,799 - aqt.installer - INFO - installer 33368 Finished installation of qtdeclarative-Windows-Windows_11_23H2-MSVC2022-Windows-Windows_11_23H2-X86_64.7z in 20.60838120
2026-05-20 18:52:05,960 - aqt.updater - INFO - updater 22804 Patching C:\Qt\6.8.0\msvc2022_64\bin\qmake.exe
2026-05-20 18:52:05,963 - aqt.updater - INFO - updater 22804 Patching C:\Qt\6.8.0\msvc2022_64\lib\Qt6Concurrent.prl
2026-05-20 18:52:05,968 - aqt.updater - INFO - updater 22804 Patching C:\Qt\6.8.0\msvc2022_64\lib\Qt6Concurrentd.prl
2026-05-20 18:52:05,974 - aqt.updater - INFO - updater 22804 Patching C:\Qt\6.8.0\msvc2022_64\lib\Qt6Core.prl
2026-05-20 18:52:05,979 - aqt.updater - INFO - updater 22804 Patching C:\Qt\6.8.0\msvc2022_64\lib\Qt6Cored.prl
2026-05-20 18:52:05,984 - aqt.updater - INFO - updater 22804 Patching C:\Qt\6.8.0\msvc2022_64\lib\Qt6DBus.prl
2026-05-20 18:52:05,989 - aqt.updater - INFO - updater 22804 Patching C:\Qt\6.8.0\msvc2022_64\lib\Qt6DBusd.prl
2026-05-20 18:52:05,994 - aqt.updater - INFO - updater 22804 Patching C:\Qt\6.8.0\msvc2022_64\lib\Qt6Designer.prl
2026-05-20 18:52:05,999 - aqt.updater - INFO - updater 22804 Patching C:\Qt\6.8.0\msvc2022_64\lib\Qt6DesignerComponents.prl
2026-05-20 18:52:06,005 - aqt.updater - INFO - updater 22804 Patching C:\Qt\6.8.0\msvc2022_64\lib\Qt6DesignerComponentsd.prl
2026-05-20 18:52:06,010 - aqt.updater - INFO - updater 22804 Patching C:\Qt\6.8.0\msvc2022_64\lib\Qt6Designerd.prl
2026-05-20 18:52:06,015 - aqt.updater - INFO - updater 22804 Patching C:\Qt\6.8.0\msvc2022_64\lib\Qt6DeviceDiscoverySupport.prl
2026-05-20 18:52:06,020 - aqt.updater - INFO - updater 22804 Patching C:\Qt\6.8.0\msvc2022_64\lib\Qt6DeviceDiscoverySupportd.prl
2026-05-20 18:52:06,025 - aqt.updater - INFO - updater 22804 Patching C:\Qt\6.8.0\msvc2022_64\lib\Qt6EntryPoint.prl
2026-05-20 18:52:06,030 - aqt.updater - INFO - updater 22804 Patching C:\Qt\6.8.0\msvc2022_64\lib\Qt6EntryPointd.prl
2026-05-20 18:52:06,035 - aqt.updater - INFO - updater 22804 Patching C:\Qt\6.8.0\msvc2022_64\lib\Qt6ExampleIcons.prl
2026-05-20 18:52:06,040 - aqt.updater - INFO - updater 22804 Patching C:\Qt\6.8.0\msvc2022_64\lib\Qt6ExampleIconsd.prl
2026-05-20 18:52:06,045 - aqt.updater - INFO - updater 22804 Patching C:\Qt\6.8.0\msvc2022_64\lib\Qt6ExamplesAssetDownloader.prl
2026-05-20 18:52:06,050 - aqt.updater - INFO - updater 22804 Patching C:\Qt\6.8.0\msvc2022_64\lib\Qt6ExamplesAssetDownloaderd.prl
2026-05-20 18:52:06,055 - aqt.updater - INFO - updater 22804 Patching C:\Qt\6.8.0\msvc2022_64\lib\Qt6FbSupport.prl
2026-05-20 18:52:06,061 - aqt.updater - INFO - updater 22804 Patching C:\Qt\6.8.0\msvc2022_64\lib\Qt6FbSupportd.prl
2026-05-20 18:52:06,066 - aqt.updater - INFO - updater 22804 Patching C:\Qt\6.8.0\msvc2022_64\lib\Qt6Gui.prl
2026-05-20 18:52:06,071 - aqt.updater - INFO - updater 22804 Patching C:\Qt\6.8.0\msvc2022_64\lib\Qt6Guid.prl
2026-05-20 18:52:06,076 - aqt.updater - INFO - updater 22804 Patching C:\Qt\6.8.0\msvc2022_64\lib\Qt6Help.prl
2026-05-20 18:52:06,081 - aqt.updater - INFO - updater 22804 Patching C:\Qt\6.8.0\msvc2022_64\lib\Qt6Helpd.prl
2026-05-20 18:52:06,086 - aqt.updater - INFO - updater 22804 Patching C:\Qt\6.8.0\msvc2022_64\lib\Qt6LabsAnimation.prl
2026-05-20 18:52:06,091 - aqt.updater - INFO - updater 22804 Patching C:\Qt\6.8.0\msvc2022_64\lib\Qt6LabsAnimationd.prl
2026-05-20 18:52:06,097 - aqt.updater - INFO - updater 22804 Patching C:\Qt\6.8.0\msvc2022_64\lib\Qt6LabsFolderListModel.prl
2026-05-20 18:52:06,101 - aqt.updater - INFO - updater 22804 Patching C:\Qt\6.8.0\msvc2022_64\lib\Qt6LabsFolderListModeld.prl
2026-05-20 18:52:06,107 - aqt.updater - INFO - updater 22804 Patching C:\Qt\6.8.0\msvc2022_64\lib\Qt6LabsPlatform.prl
2026-05-20 18:52:06,112 - aqt.updater - INFO - updater 22804 Patching C:\Qt\6.8.0\msvc2022_64\lib\Qt6LabsPlatformd.prl
2026-05-20 18:52:06,117 - aqt.updater - INFO - updater 22804 Patching C:\Qt\6.8.0\msvc2022_64\lib\Qt6LabsQmlModels.prl
2026-05-20 18:52:06,122 - aqt.updater - INFO - updater 22804 Patching C:\Qt\6.8.0\msvc2022_64\lib\Qt6LabsQmlModelsd.prl
2026-05-20 18:52:06,127 - aqt.updater - INFO - updater 22804 Patching C:\Qt\6.8.0\msvc2022_64\lib\Qt6LabsSettings.prl
2026-05-20 18:52:06,132 - aqt.updater - INFO - updater 22804 Patching C:\Qt\6.8.0\msvc2022_64\lib\Qt6LabsSettingsd.prl
2026-05-20 18:52:06,137 - aqt.updater - INFO - updater 22804 Patching C:\Qt\6.8.0\msvc2022_64\lib\Qt6LabsSharedImage.prl
2026-05-20 18:52:06,142 - aqt.updater - INFO - updater 22804 Patching C:\Qt\6.8.0\msvc2022_64\lib\Qt6LabsSharedImaged.prl
2026-05-20 18:52:06,147 - aqt.updater - INFO - updater 22804 Patching C:\Qt\6.8.0\msvc2022_64\lib\Qt6LabsWavefrontMesh.prl
2026-05-20 18:52:06,152 - aqt.updater - INFO - updater 22804 Patching C:\Qt\6.8.0\msvc2022_64\lib\Qt6LabsWavefrontMeshd.prl
2026-05-20 18:52:06,157 - aqt.updater - INFO - updater 22804 Patching C:\Qt\6.8.0\msvc2022_64\lib\Qt6Network.prl
2026-05-20 18:52:06,162 - aqt.updater - INFO - updater 22804 Patching C:\Qt\6.8.0\msvc2022_64\lib\Qt6Networkd.prl
2026-05-20 18:52:06,169 - aqt.updater - INFO - updater 22804 Patching C:\Qt\6.8.0\msvc2022_64\lib\Qt6OpenGL.prl
2026-05-20 18:52:06,175 - aqt.updater - INFO - updater 22804 Patching C:\Qt\6.8.0\msvc2022_64\lib\Qt6OpenGLd.prl
2026-05-20 18:52:06,181 - aqt.updater - INFO - updater 22804 Patching C:\Qt\6.8.0\msvc2022_64\lib\Qt6OpenGLWidgets.prl
2026-05-20 18:52:06,187 - aqt.updater - INFO - updater 22804 Patching C:\Qt\6.8.0\msvc2022_64\lib\Qt6OpenGLWidgetsd.prl
2026-05-20 18:52:06,192 - aqt.updater - INFO - updater 22804 Patching C:\Qt\6.8.0\msvc2022_64\lib\Qt6PacketProtocol.prl
2026-05-20 18:52:06,198 - aqt.updater - INFO - updater 22804 Patching C:\Qt\6.8.0\msvc2022_64\lib\Qt6PacketProtocold.prl
2026-05-20 18:52:06,204 - aqt.updater - INFO - updater 22804 Patching C:\Qt\6.8.0\msvc2022_64\lib\Qt6PrintSupport.prl
2026-05-20 18:52:06,210 - aqt.updater - INFO - updater 22804 Patching C:\Qt\6.8.0\msvc2022_64\lib\Qt6PrintSupportd.prl
2026-05-20 18:52:06,215 - aqt.updater - INFO - updater 22804 Patching C:\Qt\6.8.0\msvc2022_64\lib\Qt6Qml.prl
2026-05-20 18:52:06,222 - aqt.updater - INFO - updater 22804 Patching C:\Qt\6.8.0\msvc2022_64\lib\Qt6QmlAssetDownloader.prl
2026-05-20 18:52:06,229 - aqt.updater - INFO - updater 22804 Patching C:\Qt\6.8.0\msvc2022_64\lib\Qt6QmlAssetDownloaderd.prl
2026-05-20 18:52:06,235 - aqt.updater - INFO - updater 22804 Patching C:\Qt\6.8.0\msvc2022_64\lib\Qt6QmlCompiler.prl
2026-05-20 18:52:06,242 - aqt.updater - INFO - updater 22804 Patching C:\Qt\6.8.0\msvc2022_64\lib\Qt6QmlCompilerd.prl
2026-05-20 18:52:06,248 - aqt.updater - INFO - updater 22804 Patching C:\Qt\6.8.0\msvc2022_64\lib\Qt6QmlCore.prl
2026-05-20 18:52:06,253 - aqt.updater - INFO - updater 22804 Patching C:\Qt\6.8.0\msvc2022_64\lib\Qt6QmlCored.prl
2026-05-20 18:52:06,259 - aqt.updater - INFO - updater 22804 Patching C:\Qt\6.8.0\msvc2022_64\lib\Qt6Qmld.prl
2026-05-20 18:52:06,265 - aqt.updater - INFO - updater 22804 Patching C:\Qt\6.8.0\msvc2022_64\lib\Qt6QmlDebug.prl
2026-05-20 18:52:06,271 - aqt.updater - INFO - updater 22804 Patching C:\Qt\6.8.0\msvc2022_64\lib\Qt6QmlDebugd.prl
2026-05-20 18:52:06,277 - aqt.updater - INFO - updater 22804 Patching C:\Qt\6.8.0\msvc2022_64\lib\Qt6QmlDom.prl
2026-05-20 18:52:06,283 - aqt.updater - INFO - updater 22804 Patching C:\Qt\6.8.0\msvc2022_64\lib\Qt6QmlDomd.prl
2026-05-20 18:52:06,289 - aqt.updater - INFO - updater 22804 Patching C:\Qt\6.8.0\msvc2022_64\lib\Qt6QmlLocalStorage.prl
2026-05-20 18:52:06,296 - aqt.updater - INFO - updater 22804 Patching C:\Qt\6.8.0\msvc2022_64\lib\Qt6QmlLocalStoraged.prl
2026-05-20 18:52:06,300 - aqt.updater - INFO - updater 22804 Patching C:\Qt\6.8.0\msvc2022_64\lib\Qt6QmlLS.prl
2026-05-20 18:52:06,306 - aqt.updater - INFO - updater 22804 Patching C:\Qt\6.8.0\msvc2022_64\lib\Qt6QmlLSd.prl
2026-05-20 18:52:06,313 - aqt.updater - INFO - updater 22804 Patching C:\Qt\6.8.0\msvc2022_64\lib\Qt6QmlMeta.prl
2026-05-20 18:52:06,318 - aqt.updater - INFO - updater 22804 Patching C:\Qt\6.8.0\msvc2022_64\lib\Qt6QmlMetad.prl
2026-05-20 18:52:06,324 - aqt.updater - INFO - updater 22804 Patching C:\Qt\6.8.0\msvc2022_64\lib\Qt6QmlModels.prl
2026-05-20 18:52:06,330 - aqt.updater - INFO - updater 22804 Patching C:\Qt\6.8.0\msvc2022_64\lib\Qt6QmlModelsd.prl
2026-05-20 18:52:06,336 - aqt.updater - INFO - updater 22804 Patching C:\Qt\6.8.0\msvc2022_64\lib\Qt6QmlNetwork.prl
2026-05-20 18:52:06,342 - aqt.updater - INFO - updater 22804 Patching C:\Qt\6.8.0\msvc2022_64\lib\Qt6QmlNetworkd.prl
2026-05-20 18:52:06,348 - aqt.updater - INFO - updater 22804 Patching C:\Qt\6.8.0\msvc2022_64\lib\Qt6QmlToolingSettings.prl
2026-05-20 18:52:06,353 - aqt.updater - INFO - updater 22804 Patching C:\Qt\6.8.0\msvc2022_64\lib\Qt6QmlToolingSettingsd.prl
2026-05-20 18:52:06,359 - aqt.updater - INFO - updater 22804 Patching C:\Qt\6.8.0\msvc2022_64\lib\Qt6QmlTypeRegistrar.prl
2026-05-20 18:52:06,366 - aqt.updater - INFO - updater 22804 Patching C:\Qt\6.8.0\msvc2022_64\lib\Qt6QmlTypeRegistrard.prl
2026-05-20 18:52:06,371 - aqt.updater - INFO - updater 22804 Patching C:\Qt\6.8.0\msvc2022_64\lib\Qt6QmlWorkerScript.prl
2026-05-20 18:52:06,377 - aqt.updater - INFO - updater 22804 Patching C:\Qt\6.8.0\msvc2022_64\lib\Qt6QmlWorkerScriptd.prl
2026-05-20 18:52:06,382 - aqt.updater - INFO - updater 22804 Patching C:\Qt\6.8.0\msvc2022_64\lib\Qt6QmlXmlListModel.prl
2026-05-20 18:52:06,388 - aqt.updater - INFO - updater 22804 Patching C:\Qt\6.8.0\msvc2022_64\lib\Qt6QmlXmlListModeld.prl
2026-05-20 18:52:06,395 - aqt.updater - INFO - updater 22804 Patching C:\Qt\6.8.0\msvc2022_64\lib\Qt6Quick.prl
2026-05-20 18:52:06,402 - aqt.updater - INFO - updater 22804 Patching C:\Qt\6.8.0\msvc2022_64\lib\Qt6QuickControls2.prl
2026-05-20 18:52:06,410 - aqt.updater - INFO - updater 22804 Patching C:\Qt\6.8.0\msvc2022_64\lib\Qt6QuickControls2Basic.prl
2026-05-20 18:52:06,417 - aqt.updater - INFO - updater 22804 Patching C:\Qt\6.8.0\msvc2022_64\lib\Qt6QuickControls2Basicd.prl
2026-05-20 18:52:06,425 - aqt.updater - INFO - updater 22804 Patching C:\Qt\6.8.0\msvc2022_64\lib\Qt6QuickControls2BasicStyleImpl.prl
2026-05-20 18:52:06,431 - aqt.updater - INFO - updater 22804 Patching C:\Qt\6.8.0\msvc2022_64\lib\Qt6QuickControls2BasicStyleImpld.prl
2026-05-20 18:52:06,438 - aqt.updater - INFO - updater 22804 Patching C:\Qt\6.8.0\msvc2022_64\lib\Qt6QuickControls2d.prl
2026-05-20 18:52:06,445 - aqt.updater - INFO - updater 22804 Patching C:\Qt\6.8.0\msvc2022_64\lib\Qt6QuickControls2FluentWinUI3StyleImpl.prl
2026-05-20 18:52:06,454 - aqt.updater - INFO - updater 22804 Patching C:\Qt\6.8.0\msvc2022_64\lib\Qt6QuickControls2FluentWinUI3StyleImpld.prl
2026-05-20 18:52:06,461 - aqt.updater - INFO - updater 22804 Patching C:\Qt\6.8.0\msvc2022_64\lib\Qt6QuickControls2Fusion.prl
2026-05-20 18:52:06,469 - aqt.updater - INFO - updater 22804 Patching C:\Qt\6.8.0\msvc2022_64\lib\Qt6QuickControls2Fusiond.prl
2026-05-20 18:52:06,476 - aqt.updater - INFO - updater 22804 Patching C:\Qt\6.8.0\msvc2022_64\lib\Qt6QuickControls2FusionStyleImpl.prl
2026-05-20 18:52:06,484 - aqt.updater - INFO - updater 22804 Patching C:\Qt\6.8.0\msvc2022_64\lib\Qt6QuickControls2FusionStyleImpld.prl
2026-05-20 18:52:06,492 - aqt.updater - INFO - updater 22804 Patching C:\Qt\6.8.0\msvc2022_64\lib\Qt6QuickControls2Imagine.prl
2026-05-20 18:52:06,499 - aqt.updater - INFO - updater 22804 Patching C:\Qt\6.8.0\msvc2022_64\lib\Qt6QuickControls2Imagined.prl
2026-05-20 18:52:06,507 - aqt.updater - INFO - updater 22804 Patching C:\Qt\6.8.0\msvc2022_64\lib\Qt6QuickControls2ImagineStyleImpl.prl
2026-05-20 18:52:06,516 - aqt.updater - INFO - updater 22804 Patching C:\Qt\6.8.0\msvc2022_64\lib\Qt6QuickControls2ImagineStyleImpld.prl
2026-05-20 18:52:06,524 - aqt.updater - INFO - updater 22804 Patching C:\Qt\6.8.0\msvc2022_64\lib\Qt6QuickControls2Impl.prl
2026-05-20 18:52:06,532 - aqt.updater - INFO - updater 22804 Patching C:\Qt\6.8.0\msvc2022_64\lib\Qt6QuickControls2Impld.prl
2026-05-20 18:52:06,539 - aqt.updater - INFO - updater 22804 Patching C:\Qt\6.8.0\msvc2022_64\lib\Qt6QuickControls2Material.prl
2026-05-20 18:52:06,547 - aqt.updater - INFO - updater 22804 Patching C:\Qt\6.8.0\msvc2022_64\lib\Qt6QuickControls2Materiald.prl
2026-05-20 18:52:06,556 - aqt.updater - INFO - updater 22804 Patching C:\Qt\6.8.0\msvc2022_64\lib\Qt6QuickControls2MaterialStyleImpl.prl
2026-05-20 18:52:06,563 - aqt.updater - INFO - updater 22804 Patching C:\Qt\6.8.0\msvc2022_64\lib\Qt6QuickControls2MaterialStyleImpld.prl
2026-05-20 18:52:06,569 - aqt.updater - INFO - updater 22804 Patching C:\Qt\6.8.0\msvc2022_64\lib\Qt6QuickControls2Universal.prl
2026-05-20 18:52:06,575 - aqt.updater - INFO - updater 22804 Patching C:\Qt\6.8.0\msvc2022_64\lib\Qt6QuickControls2Universald.prl
2026-05-20 18:52:06,582 - aqt.updater - INFO - updater 22804 Patching C:\Qt\6.8.0\msvc2022_64\lib\Qt6QuickControls2UniversalStyleImpl.prl
2026-05-20 18:52:06,589 - aqt.updater - INFO - updater 22804 Patching C:\Qt\6.8.0\msvc2022_64\lib\Qt6QuickControls2UniversalStyleImpld.prl
2026-05-20 18:52:06,596 - aqt.updater - INFO - updater 22804 Patching C:\Qt\6.8.0\msvc2022_64\lib\Qt6QuickControls2WindowsStyleImpl.prl
2026-05-20 18:52:06,602 - aqt.updater - INFO - updater 22804 Patching C:\Qt\6.8.0\msvc2022_64\lib\Qt6QuickControls2WindowsStyleImpld.prl
2026-05-20 18:52:06,611 - aqt.updater - INFO - updater 22804 Patching C:\Qt\6.8.0\msvc2022_64\lib\Qt6QuickControlsTestUtils.prl
2026-05-20 18:52:06,620 - aqt.updater - INFO - updater 22804 Patching C:\Qt\6.8.0\msvc2022_64\lib\Qt6QuickControlsTestUtilsd.prl
2026-05-20 18:52:06,629 - aqt.updater - INFO - updater 22804 Patching C:\Qt\6.8.0\msvc2022_64\lib\Qt6Quickd.prl
2026-05-20 18:52:06,638 - aqt.updater - INFO - updater 22804 Patching C:\Qt\6.8.0\msvc2022_64\lib\Qt6QuickDialogs2.prl
2026-05-20 18:52:06,647 - aqt.updater - INFO - updater 22804 Patching C:\Qt\6.8.0\msvc2022_64\lib\Qt6QuickDialogs2d.prl
2026-05-20 18:52:06,657 - aqt.updater - INFO - updater 22804 Patching C:\Qt\6.8.0\msvc2022_64\lib\Qt6QuickDialogs2QuickImpl.prl
2026-05-20 18:52:06,666 - aqt.updater - INFO - updater 22804 Patching C:\Qt\6.8.0\msvc2022_64\lib\Qt6QuickDialogs2QuickImpld.prl
2026-05-20 18:52:06,675 - aqt.updater - INFO - updater 22804 Patching C:\Qt\6.8.0\msvc2022_64\lib\Qt6QuickDialogs2Utils.prl
2026-05-20 18:52:06,683 - aqt.updater - INFO - updater 22804 Patching C:\Qt\6.8.0\msvc2022_64\lib\Qt6QuickDialogs2Utilsd.prl
2026-05-20 18:52:06,691 - aqt.updater - INFO - updater 22804 Patching C:\Qt\6.8.0\msvc2022_64\lib\Qt6QuickEffects.prl
2026-05-20 18:52:06,698 - aqt.updater - INFO - updater 22804 Patching C:\Qt\6.8.0\msvc2022_64\lib\Qt6QuickEffectsd.prl
2026-05-20 18:52:06,704 - aqt.updater - INFO - updater 22804 Patching C:\Qt\6.8.0\msvc2022_64\lib\Qt6QuickLayouts.prl
2026-05-20 18:52:06,711 - aqt.updater - INFO - updater 22804 Patching C:\Qt\6.8.0\msvc2022_64\lib\Qt6QuickLayoutsd.prl
2026-05-20 18:52:06,718 - aqt.updater - INFO - updater 22804 Patching C:\Qt\6.8.0\msvc2022_64\lib\Qt6QuickParticles.prl
2026-05-20 18:52:06,724 - aqt.updater - INFO - updater 22804 Patching C:\Qt\6.8.0\msvc2022_64\lib\Qt6QuickParticlesd.prl
2026-05-20 18:52:06,731 - aqt.updater - INFO - updater 22804 Patching C:\Qt\6.8.0\msvc2022_64\lib\Qt6QuickShapes.prl
2026-05-20 18:52:06,738 - aqt.updater - INFO - updater 22804 Patching C:\Qt\6.8.0\msvc2022_64\lib\Qt6QuickShapesd.prl
2026-05-20 18:52:06,745 - aqt.updater - INFO - updater 22804 Patching C:\Qt\6.8.0\msvc2022_64\lib\Qt6QuickTemplates2.prl
2026-05-20 18:52:06,753 - aqt.updater - INFO - updater 22804 Patching C:\Qt\6.8.0\msvc2022_64\lib\Qt6QuickTemplates2d.prl
2026-05-20 18:52:06,761 - aqt.updater - INFO - updater 22804 Patching C:\Qt\6.8.0\msvc2022_64\lib\Qt6QuickTest.prl
2026-05-20 18:52:06,768 - aqt.updater - INFO - updater 22804 Patching C:\Qt\6.8.0\msvc2022_64\lib\Qt6QuickTestd.prl
2026-05-20 18:52:06,775 - aqt.updater - INFO - updater 22804 Patching C:\Qt\6.8.0\msvc2022_64\lib\Qt6QuickTestUtils.prl
2026-05-20 18:52:06,783 - aqt.updater - INFO - updater 22804 Patching C:\Qt\6.8.0\msvc2022_64\lib\Qt6QuickTestUtilsd.prl
2026-05-20 18:52:06,790 - aqt.updater - INFO - updater 22804 Patching C:\Qt\6.8.0\msvc2022_64\lib\Qt6QuickVectorImage.prl
2026-05-20 18:52:06,797 - aqt.updater - INFO - updater 22804 Patching C:\Qt\6.8.0\msvc2022_64\lib\Qt6QuickVectorImaged.prl
2026-05-20 18:52:06,803 - aqt.updater - INFO - updater 22804 Patching C:\Qt\6.8.0\msvc2022_64\lib\Qt6QuickVectorImageGenerator.prl
2026-05-20 18:52:06,810 - aqt.updater - INFO - updater 22804 Patching C:\Qt\6.8.0\msvc2022_64\lib\Qt6QuickVectorImageGeneratord.prl
2026-05-20 18:52:06,815 - aqt.updater - INFO - updater 22804 Patching C:\Qt\6.8.0\msvc2022_64\lib\Qt6QuickWidgets.prl
2026-05-20 18:52:06,821 - aqt.updater - INFO - updater 22804 Patching C:\Qt\6.8.0\msvc2022_64\lib\Qt6QuickWidgetsd.prl
2026-05-20 18:52:06,827 - aqt.updater - INFO - updater 22804 Patching C:\Qt\6.8.0\msvc2022_64\lib\Qt6Sql.prl
2026-05-20 18:52:06,833 - aqt.updater - INFO - updater 22804 Patching C:\Qt\6.8.0\msvc2022_64\lib\Qt6Sqld.prl
2026-05-20 18:52:06,840 - aqt.updater - INFO - updater 22804 Patching C:\Qt\6.8.0\msvc2022_64\lib\Qt6Svg.prl
2026-05-20 18:52:06,847 - aqt.updater - INFO - updater 22804 Patching C:\Qt\6.8.0\msvc2022_64\lib\Qt6Svgd.prl
2026-05-20 18:52:06,853 - aqt.updater - INFO - updater 22804 Patching C:\Qt\6.8.0\msvc2022_64\lib\Qt6SvgWidgets.prl
2026-05-20 18:52:06,860 - aqt.updater - INFO - updater 22804 Patching C:\Qt\6.8.0\msvc2022_64\lib\Qt6SvgWidgetsd.prl
2026-05-20 18:52:06,866 - aqt.updater - INFO - updater 22804 Patching C:\Qt\6.8.0\msvc2022_64\lib\Qt6Test.prl
2026-05-20 18:52:06,874 - aqt.updater - INFO - updater 22804 Patching C:\Qt\6.8.0\msvc2022_64\lib\Qt6Testd.prl
2026-05-20 18:52:06,881 - aqt.updater - INFO - updater 22804 Patching C:\Qt\6.8.0\msvc2022_64\lib\Qt6UiTools.prl
2026-05-20 18:52:06,887 - aqt.updater - INFO - updater 22804 Patching C:\Qt\6.8.0\msvc2022_64\lib\Qt6UiToolsd.prl
2026-05-20 18:52:06,893 - aqt.updater - INFO - updater 22804 Patching C:\Qt\6.8.0\msvc2022_64\lib\Qt6Widgets.prl
2026-05-20 18:52:06,899 - aqt.updater - INFO - updater 22804 Patching C:\Qt\6.8.0\msvc2022_64\lib\Qt6Widgetsd.prl
2026-05-20 18:52:06,904 - aqt.updater - INFO - updater 22804 Patching C:\Qt\6.8.0\msvc2022_64\lib\Qt6Xml.prl
2026-05-20 18:52:06,911 - aqt.updater - INFO - updater 22804 Patching C:\Qt\6.8.0\msvc2022_64\lib\Qt6Xmld.prl
2026-05-20 18:52:06,916 - aqt.main - INFO - installer 22804 Finished installation
2026-05-20 18:52:06,917 - aqt.main - INFO - installer 22804 Time elapsed: 24.55747930 second
2026-06-15 12:00:09,240 - aqt.main - INFO - installer 17796 aqtinstall(aqt) v3.3.0 on Python 3.14.3 [CPython MSC v.1944 64 bit (AMD64)]
2026-06-15 12:00:09,240 - aqt.helper - DEBUG - helper 17796 Attempt to download checksum at https://download.qt.io/online/qtsdkrepository/windows_x86/desktop/qt6_680/qt6_680/Updates.xml.sha256
2026-06-15 12:00:10,179 - aqt.helper - DEBUG - helper 17796 Attempt to download checksum at https://download.qt.io/online/qtsdkrepository/windows_x86/extensions/qtwebengine/680/msvc2022_64/Updates.xml.sha256
2026-06-15 12:00:11,085 - aqt.archives - INFO - archives 17796 Found extension qtwebengine
2026-06-15 12:00:11,085 - aqt.helper - DEBUG - helper 17796 Attempt to download checksum at https://download.qt.io/online/qtsdkrepository/windows_x86/extensions/qtpdf/680/msvc2022_64/Updates.xml.sha256
2026-06-15 12:00:12,014 - aqt.archives - INFO - archives 17796 Found extension qtpdf
2026-06-15 12:00:12,719 - aqt.helper - DEBUG - helper 14920 Attempt to download checksum at https://download.qt.io/online/qtsdkrepository/windows_x86/desktop/qt6_680/qt6_680/qt.qt6.680.win64_msvc2022_64/6.8.0-0-202410030750qtbase-Windows-Windows_11_23H2-MSVC2022-Windows-Windows_11_23H2-X86_64.7z.sha256
2026-06-15 12:00:12,723 - aqt.helper - DEBUG - helper 17304 Attempt to download checksum at https://download.qt.io/online/qtsdkrepository/windows_x86/desktop/qt6_680/qt6_680/qt.qt6.680.win64_msvc2022_64/6.8.0-0-202410030750qtsvg-Windows-Windows_11_23H2-MSVC2022-Windows-Windows_11_23H2-X86_64.7z.sha256
2026-06-15 12:00:12,729 - aqt.helper - DEBUG - helper 23220 Attempt to download checksum at https://download.qt.io/online/qtsdkrepository/windows_x86/desktop/qt6_680/qt6_680/qt.qt6.680.win64_msvc2022_64/6.8.0-0-202410030750qtdeclarative-Windows-Windows_11_23H2-MSVC2022-Windows-Windows_11_23H2-X86_64.7z.sha256
2026-06-15 12:00:12,739 - aqt.helper - DEBUG - helper 26212 Attempt to download checksum at https://download.qt.io/online/qtsdkrepository/windows_x86/desktop/qt6_680/qt6_680/qt.qt6.680.win64_msvc2022_64/6.8.0-0-202410030750qttools-Windows-Windows_11_23H2-MSVC2022-Windows-Windows_11_23H2-X86_64.7z.sha256
2026-06-15 12:00:13,264 - aqt.helper - INFO - helper 23220 Downloading qtdeclarative...
2026-06-15 12:00:13,265 - aqt.installer - DEBUG - installer 23220 Download URL: https://download.qt.io/online/qtsdkrepository/windows_x86/desktop/qt6_680/qt6_680/qt.qt6.680.win64_msvc2022_64/6.8.0-0-202410030750qtdeclarative-Windows-Windows_11_23H2-MSVC2022-Windows-Windows_11_23H2-X86_64.7z
2026-06-15 12:00:13,273 - aqt.helper - INFO - helper 26212 Downloading qttools...
2026-06-15 12:00:13,274 - aqt.helper - INFO - helper 14920 Downloading qtbase...
2026-06-15 12:00:13,273 - aqt.installer - DEBUG - installer 26212 Download URL: https://download.qt.io/online/qtsdkrepository/windows_x86/desktop/qt6_680/qt6_680/qt.qt6.680.win64_msvc2022_64/6.8.0-0-202410030750qttools-Windows-Windows_11_23H2-MSVC2022-Windows-Windows_11_23H2-X86_64.7z
2026-06-15 12:00:13,274 - aqt.installer - DEBUG - installer 14920 Download URL: https://download.qt.io/online/qtsdkrepository/windows_x86/desktop/qt6_680/qt6_680/qt.qt6.680.win64_msvc2022_64/6.8.0-0-202410030750qtbase-Windows-Windows_11_23H2-MSVC2022-Windows-Windows_11_23H2-X86_64.7z
2026-06-15 12:00:13,286 - aqt.helper - INFO - helper 17304 Downloading qtsvg...
2026-06-15 12:00:13,286 - aqt.installer - DEBUG - installer 17304 Download URL: https://download.qt.io/online/qtsdkrepository/windows_x86/desktop/qt6_680/qt6_680/qt.qt6.680.win64_msvc2022_64/6.8.0-0-202410030750qtsvg-Windows-Windows_11_23H2-MSVC2022-Windows-Windows_11_23H2-X86_64.7z
2026-06-15 12:00:13,787 - aqt.helper - DEBUG - helper 23220 Asked to redirect(302) to: https://ftp.fau.de/qtproject/online/qtsdkrepository/windows_x86/desktop/qt6_680/qt6_680/qt.qt6.680.win64_msvc2022_64/6.8.0-0-202410030750qtdeclarative-Windows-Windows_11_23H2-MSVC2022-Windows-Windows_11_23H2-X86_64.7z
2026-06-15 12:00:13,787 - aqt.helper - INFO - helper 23220 Redirected: ftp.fau.de
2026-06-15 12:00:13,788 - aqt.helper - DEBUG - helper 26212 Asked to redirect(302) to: https://ftp.fau.de/qtproject/online/qtsdkrepository/windows_x86/desktop/qt6_680/qt6_680/qt.qt6.680.win64_msvc2022_64/6.8.0-0-202410030750qttools-Windows-Windows_11_23H2-MSVC2022-Windows-Windows_11_23H2-X86_64.7z
2026-06-15 12:00:13,788 - aqt.helper - INFO - helper 26212 Redirected: ftp.fau.de
2026-06-15 12:00:13,795 - aqt.helper - DEBUG - helper 14920 Asked to redirect(302) to: https://ftp.fau.de/qtproject/online/qtsdkrepository/windows_x86/desktop/qt6_680/qt6_680/qt.qt6.680.win64_msvc2022_64/6.8.0-0-202410030750qtbase-Windows-Windows_11_23H2-MSVC2022-Windows-Windows_11_23H2-X86_64.7z
2026-06-15 12:00:13,795 - aqt.helper - INFO - helper 14920 Redirected: ftp.fau.de
2026-06-15 12:00:13,814 - aqt.helper - DEBUG - helper 17304 Asked to redirect(302) to: https://ftp.fau.de/qtproject/online/qtsdkrepository/windows_x86/desktop/qt6_680/qt6_680/qt.qt6.680.win64_msvc2022_64/6.8.0-0-202410030750qtsvg-Windows-Windows_11_23H2-MSVC2022-Windows-Windows_11_23H2-X86_64.7z
2026-06-15 12:00:13,814 - aqt.helper - INFO - helper 17304 Redirected: ftp.fau.de
2026-06-15 12:00:14,500 - aqt.installer - INFO - installer 17304 Finished installation of qtsvg-Windows-Windows_11_23H2-MSVC2022-Windows-Windows_11_23H2-X86_64.7z in 1.77975740
2026-06-15 12:00:14,520 - aqt.helper - DEBUG - helper 17304 Attempt to download checksum at https://download.qt.io/online/qtsdkrepository/windows_x86/desktop/qt6_680/qt6_680/qt.qt6.680.win64_msvc2022_64/6.8.0-0-202410030750qttranslations-Windows-Windows_11_23H2-MSVC2022-Windows-Windows_11_23H2-X86_64.7z.sha256
2026-06-15 12:00:15,017 - aqt.helper - INFO - helper 17304 Downloading qttranslations...
2026-06-15 12:00:15,017 - aqt.installer - DEBUG - installer 17304 Download URL: https://download.qt.io/online/qtsdkrepository/windows_x86/desktop/qt6_680/qt6_680/qt.qt6.680.win64_msvc2022_64/6.8.0-0-202410030750qttranslations-Windows-Windows_11_23H2-MSVC2022-Windows-Windows_11_23H2-X86_64.7z
2026-06-15 12:00:15,538 - aqt.helper - DEBUG - helper 17304 Asked to redirect(302) to: https://ftp.fau.de/qtproject/online/qtsdkrepository/windows_x86/desktop/qt6_680/qt6_680/qt.qt6.680.win64_msvc2022_64/6.8.0-0-202410030750qttranslations-Windows-Windows_11_23H2-MSVC2022-Windows-Windows_11_23H2-X86_64.7z
2026-06-15 12:00:15,539 - aqt.helper - INFO - helper 17304 Redirected: ftp.fau.de
2026-06-15 12:00:16,497 - aqt.installer - INFO - installer 17304 Finished installation of qttranslations-Windows-Windows_11_23H2-MSVC2022-Windows-Windows_11_23H2-X86_64.7z in 1.97979200
2026-06-15 12:00:16,519 - aqt.helper - DEBUG - helper 17304 Attempt to download checksum at https://download.qt.io/online/qtsdkrepository/windows_x86/desktop/qt6_680/qt6_680/qt.qt6.680.win64_msvc2022_64/6.8.0-0-202410030750d3dcompiler_47-x64.7z.sha256
2026-06-15 12:00:17,035 - aqt.helper - INFO - helper 17304 Downloading d3dcompiler_47...
2026-06-15 12:00:17,035 - aqt.installer - DEBUG - installer 17304 Download URL: https://download.qt.io/online/qtsdkrepository/windows_x86/desktop/qt6_680/qt6_680/qt.qt6.680.win64_msvc2022_64/6.8.0-0-202410030750d3dcompiler_47-x64.7z
2026-06-15 12:00:17,565 - aqt.installer - INFO - installer 26212 Finished installation of qttools-Windows-Windows_11_23H2-MSVC2022-Windows-Windows_11_23H2-X86_64.7z in 4.82800560
2026-06-15 12:00:17,578 - aqt.helper - DEBUG - helper 17304 Asked to redirect(302) to: https://ftp.fau.de/qtproject/online/qtsdkrepository/windows_x86/desktop/qt6_680/qt6_680/qt.qt6.680.win64_msvc2022_64/6.8.0-0-202410030750d3dcompiler_47-x64.7z
2026-06-15 12:00:17,578 - aqt.helper - INFO - helper 17304 Redirected: ftp.fau.de
2026-06-15 12:00:17,588 - aqt.helper - DEBUG - helper 26212 Attempt to download checksum at https://download.qt.io/online/qtsdkrepository/windows_x86/desktop/qt6_680/qt6_680/qt.qt6.680.win64_msvc2022_64/6.8.0-0-202410030750opengl32sw-64-mesa_11_2_2-signed_sha256.7z.sha256
2026-06-15 12:00:18,196 - aqt.helper - INFO - helper 26212 Downloading opengl32sw...
2026-06-15 12:00:18,197 - aqt.installer - DEBUG - installer 26212 Download URL: https://download.qt.io/online/qtsdkrepository/windows_x86/desktop/qt6_680/qt6_680/qt.qt6.680.win64_msvc2022_64/6.8.0-0-202410030750opengl32sw-64-mesa_11_2_2-signed_sha256.7z
2026-06-15 12:00:18,284 - aqt.installer - INFO - installer 17304 Finished installation of d3dcompiler_47-x64.7z in 1.76823360
2026-06-15 12:00:18,723 - aqt.helper - DEBUG - helper 26212 Asked to redirect(302) to: https://ftp.fau.de/qtproject/online/qtsdkrepository/windows_x86/desktop/qt6_680/qt6_680/qt.qt6.680.win64_msvc2022_64/6.8.0-0-202410030750opengl32sw-64-mesa_11_2_2-signed_sha256.7z
2026-06-15 12:00:18,723 - aqt.helper - INFO - helper 26212 Redirected: ftp.fau.de
2026-06-15 12:00:19,709 - aqt.installer - INFO - installer 26212 Finished installation of opengl32sw-64-mesa_11_2_2-signed_sha256.7z in 2.12413410
2026-06-15 12:00:22,489 - aqt.installer - INFO - installer 14920 Finished installation of qtbase-Windows-Windows_11_23H2-MSVC2022-Windows-Windows_11_23H2-X86_64.7z in 9.77142140
2026-06-15 12:00:37,196 - aqt.installer - INFO - installer 23220 Finished installation of qtdeclarative-Windows-Windows_11_23H2-MSVC2022-Windows-Windows_11_23H2-X86_64.7z in 24.46949280
2026-06-15 12:00:37,413 - aqt.updater - INFO - updater 17796 Patching C:\Qt\6.8.0\msvc2022_64\bin\qmake.exe
2026-06-15 12:00:37,417 - aqt.updater - INFO - updater 17796 Patching C:\Qt\6.8.0\msvc2022_64\lib\Qt6Concurrent.prl
2026-06-15 12:00:37,424 - aqt.updater - INFO - updater 17796 Patching C:\Qt\6.8.0\msvc2022_64\lib\Qt6Concurrentd.prl
2026-06-15 12:00:37,431 - aqt.updater - INFO - updater 17796 Patching C:\Qt\6.8.0\msvc2022_64\lib\Qt6Core.prl
2026-06-15 12:00:37,437 - aqt.updater - INFO - updater 17796 Patching C:\Qt\6.8.0\msvc2022_64\lib\Qt6Cored.prl
2026-06-15 12:00:37,442 - aqt.updater - INFO - updater 17796 Patching C:\Qt\6.8.0\msvc2022_64\lib\Qt6DBus.prl
2026-06-15 12:00:37,448 - aqt.updater - INFO - updater 17796 Patching C:\Qt\6.8.0\msvc2022_64\lib\Qt6DBusd.prl
2026-06-15 12:00:37,454 - aqt.updater - INFO - updater 17796 Patching C:\Qt\6.8.0\msvc2022_64\lib\Qt6Designer.prl
2026-06-15 12:00:37,459 - aqt.updater - INFO - updater 17796 Patching C:\Qt\6.8.0\msvc2022_64\lib\Qt6DesignerComponents.prl
2026-06-15 12:00:37,466 - aqt.updater - INFO - updater 17796 Patching C:\Qt\6.8.0\msvc2022_64\lib\Qt6DesignerComponentsd.prl
2026-06-15 12:00:37,472 - aqt.updater - INFO - updater 17796 Patching C:\Qt\6.8.0\msvc2022_64\lib\Qt6Designerd.prl
2026-06-15 12:00:37,478 - aqt.updater - INFO - updater 17796 Patching C:\Qt\6.8.0\msvc2022_64\lib\Qt6DeviceDiscoverySupport.prl
2026-06-15 12:00:37,485 - aqt.updater - INFO - updater 17796 Patching C:\Qt\6.8.0\msvc2022_64\lib\Qt6DeviceDiscoverySupportd.prl
2026-06-15 12:00:37,492 - aqt.updater - INFO - updater 17796 Patching C:\Qt\6.8.0\msvc2022_64\lib\Qt6EntryPoint.prl
2026-06-15 12:00:37,498 - aqt.updater - INFO - updater 17796 Patching C:\Qt\6.8.0\msvc2022_64\lib\Qt6EntryPointd.prl
2026-06-15 12:00:37,504 - aqt.updater - INFO - updater 17796 Patching C:\Qt\6.8.0\msvc2022_64\lib\Qt6ExampleIcons.prl
2026-06-15 12:00:37,511 - aqt.updater - INFO - updater 17796 Patching C:\Qt\6.8.0\msvc2022_64\lib\Qt6ExampleIconsd.prl
2026-06-15 12:00:37,517 - aqt.updater - INFO - updater 17796 Patching C:\Qt\6.8.0\msvc2022_64\lib\Qt6ExamplesAssetDownloader.prl
2026-06-15 12:00:37,524 - aqt.updater - INFO - updater 17796 Patching C:\Qt\6.8.0\msvc2022_64\lib\Qt6ExamplesAssetDownloaderd.prl
2026-06-15 12:00:37,530 - aqt.updater - INFO - updater 17796 Patching C:\Qt\6.8.0\msvc2022_64\lib\Qt6FbSupport.prl
2026-06-15 12:00:37,537 - aqt.updater - INFO - updater 17796 Patching C:\Qt\6.8.0\msvc2022_64\lib\Qt6FbSupportd.prl
2026-06-15 12:00:37,544 - aqt.updater - INFO - updater 17796 Patching C:\Qt\6.8.0\msvc2022_64\lib\Qt6Gui.prl
2026-06-15 12:00:37,551 - aqt.updater - INFO - updater 17796 Patching C:\Qt\6.8.0\msvc2022_64\lib\Qt6Guid.prl
2026-06-15 12:00:37,557 - aqt.updater - INFO - updater 17796 Patching C:\Qt\6.8.0\msvc2022_64\lib\Qt6Help.prl
2026-06-15 12:00:37,564 - aqt.updater - INFO - updater 17796 Patching C:\Qt\6.8.0\msvc2022_64\lib\Qt6Helpd.prl
2026-06-15 12:00:37,570 - aqt.updater - INFO - updater 17796 Patching C:\Qt\6.8.0\msvc2022_64\lib\Qt6LabsAnimation.prl
2026-06-15 12:00:37,576 - aqt.updater - INFO - updater 17796 Patching C:\Qt\6.8.0\msvc2022_64\lib\Qt6LabsAnimationd.prl
2026-06-15 12:00:37,582 - aqt.updater - INFO - updater 17796 Patching C:\Qt\6.8.0\msvc2022_64\lib\Qt6LabsFolderListModel.prl
2026-06-15 12:00:37,588 - aqt.updater - INFO - updater 17796 Patching C:\Qt\6.8.0\msvc2022_64\lib\Qt6LabsFolderListModeld.prl
2026-06-15 12:00:37,593 - aqt.updater - INFO - updater 17796 Patching C:\Qt\6.8.0\msvc2022_64\lib\Qt6LabsPlatform.prl
2026-06-15 12:00:37,599 - aqt.updater - INFO - updater 17796 Patching C:\Qt\6.8.0\msvc2022_64\lib\Qt6LabsPlatformd.prl
2026-06-15 12:00:37,605 - aqt.updater - INFO - updater 17796 Patching C:\Qt\6.8.0\msvc2022_64\lib\Qt6LabsQmlModels.prl
2026-06-15 12:00:37,611 - aqt.updater - INFO - updater 17796 Patching C:\Qt\6.8.0\msvc2022_64\lib\Qt6LabsQmlModelsd.prl
2026-06-15 12:00:37,618 - aqt.updater - INFO - updater 17796 Patching C:\Qt\6.8.0\msvc2022_64\lib\Qt6LabsSettings.prl
2026-06-15 12:00:37,624 - aqt.updater - INFO - updater 17796 Patching C:\Qt\6.8.0\msvc2022_64\lib\Qt6LabsSettingsd.prl
2026-06-15 12:00:37,632 - aqt.updater - INFO - updater 17796 Patching C:\Qt\6.8.0\msvc2022_64\lib\Qt6LabsSharedImage.prl
2026-06-15 12:00:37,640 - aqt.updater - INFO - updater 17796 Patching C:\Qt\6.8.0\msvc2022_64\lib\Qt6LabsSharedImaged.prl
2026-06-15 12:00:37,647 - aqt.updater - INFO - updater 17796 Patching C:\Qt\6.8.0\msvc2022_64\lib\Qt6LabsWavefrontMesh.prl
2026-06-15 12:00:37,653 - aqt.updater - INFO - updater 17796 Patching C:\Qt\6.8.0\msvc2022_64\lib\Qt6LabsWavefrontMeshd.prl
2026-06-15 12:00:37,658 - aqt.updater - INFO - updater 17796 Patching C:\Qt\6.8.0\msvc2022_64\lib\Qt6Network.prl
2026-06-15 12:00:37,666 - aqt.updater - INFO - updater 17796 Patching C:\Qt\6.8.0\msvc2022_64\lib\Qt6Networkd.prl
2026-06-15 12:00:37,673 - aqt.updater - INFO - updater 17796 Patching C:\Qt\6.8.0\msvc2022_64\lib\Qt6OpenGL.prl
2026-06-15 12:00:37,679 - aqt.updater - INFO - updater 17796 Patching C:\Qt\6.8.0\msvc2022_64\lib\Qt6OpenGLd.prl
2026-06-15 12:00:37,685 - aqt.updater - INFO - updater 17796 Patching C:\Qt\6.8.0\msvc2022_64\lib\Qt6OpenGLWidgets.prl
2026-06-15 12:00:37,691 - aqt.updater - INFO - updater 17796 Patching C:\Qt\6.8.0\msvc2022_64\lib\Qt6OpenGLWidgetsd.prl
2026-06-15 12:00:37,698 - aqt.updater - INFO - updater 17796 Patching C:\Qt\6.8.0\msvc2022_64\lib\Qt6PacketProtocol.prl
2026-06-15 12:00:37,704 - aqt.updater - INFO - updater 17796 Patching C:\Qt\6.8.0\msvc2022_64\lib\Qt6PacketProtocold.prl
2026-06-15 12:00:37,711 - aqt.updater - INFO - updater 17796 Patching C:\Qt\6.8.0\msvc2022_64\lib\Qt6PrintSupport.prl
2026-06-15 12:00:37,717 - aqt.updater - INFO - updater 17796 Patching C:\Qt\6.8.0\msvc2022_64\lib\Qt6PrintSupportd.prl
2026-06-15 12:00:37,724 - aqt.updater - INFO - updater 17796 Patching C:\Qt\6.8.0\msvc2022_64\lib\Qt6Qml.prl
2026-06-15 12:00:37,730 - aqt.updater - INFO - updater 17796 Patching C:\Qt\6.8.0\msvc2022_64\lib\Qt6QmlAssetDownloader.prl
2026-06-15 12:00:37,737 - aqt.updater - INFO - updater 17796 Patching C:\Qt\6.8.0\msvc2022_64\lib\Qt6QmlAssetDownloaderd.prl
2026-06-15 12:00:37,744 - aqt.updater - INFO - updater 17796 Patching C:\Qt\6.8.0\msvc2022_64\lib\Qt6QmlCompiler.prl
2026-06-15 12:00:37,752 - aqt.updater - INFO - updater 17796 Patching C:\Qt\6.8.0\msvc2022_64\lib\Qt6QmlCompilerd.prl
2026-06-15 12:00:37,757 - aqt.updater - INFO - updater 17796 Patching C:\Qt\6.8.0\msvc2022_64\lib\Qt6QmlCore.prl
2026-06-15 12:00:37,763 - aqt.updater - INFO - updater 17796 Patching C:\Qt\6.8.0\msvc2022_64\lib\Qt6QmlCored.prl
2026-06-15 12:00:37,771 - aqt.updater - INFO - updater 17796 Patching C:\Qt\6.8.0\msvc2022_64\lib\Qt6Qmld.prl
2026-06-15 12:00:37,777 - aqt.updater - INFO - updater 17796 Patching C:\Qt\6.8.0\msvc2022_64\lib\Qt6QmlDebug.prl
2026-06-15 12:00:37,784 - aqt.updater - INFO - updater 17796 Patching C:\Qt\6.8.0\msvc2022_64\lib\Qt6QmlDebugd.prl
2026-06-15 12:00:37,791 - aqt.updater - INFO - updater 17796 Patching C:\Qt\6.8.0\msvc2022_64\lib\Qt6QmlDom.prl
2026-06-15 12:00:37,798 - aqt.updater - INFO - updater 17796 Patching C:\Qt\6.8.0\msvc2022_64\lib\Qt6QmlDomd.prl
2026-06-15 12:00:37,806 - aqt.updater - INFO - updater 17796 Patching C:\Qt\6.8.0\msvc2022_64\lib\Qt6QmlLocalStorage.prl
2026-06-15 12:00:37,814 - aqt.updater - INFO - updater 17796 Patching C:\Qt\6.8.0\msvc2022_64\lib\Qt6QmlLocalStoraged.prl
2026-06-15 12:00:37,821 - aqt.updater - INFO - updater 17796 Patching C:\Qt\6.8.0\msvc2022_64\lib\Qt6QmlLS.prl
2026-06-15 12:00:37,828 - aqt.updater - INFO - updater 17796 Patching C:\Qt\6.8.0\msvc2022_64\lib\Qt6QmlLSd.prl
2026-06-15 12:00:37,835 - aqt.updater - INFO - updater 17796 Patching C:\Qt\6.8.0\msvc2022_64\lib\Qt6QmlMeta.prl
2026-06-15 12:00:37,840 - aqt.updater - INFO - updater 17796 Patching C:\Qt\6.8.0\msvc2022_64\lib\Qt6QmlMetad.prl
2026-06-15 12:00:37,846 - aqt.updater - INFO - updater 17796 Patching C:\Qt\6.8.0\msvc2022_64\lib\Qt6QmlModels.prl
2026-06-15 12:00:37,852 - aqt.updater - INFO - updater 17796 Patching C:\Qt\6.8.0\msvc2022_64\lib\Qt6QmlModelsd.prl
2026-06-15 12:00:37,857 - aqt.updater - INFO - updater 17796 Patching C:\Qt\6.8.0\msvc2022_64\lib\Qt6QmlNetwork.prl
2026-06-15 12:00:37,864 - aqt.updater - INFO - updater 17796 Patching C:\Qt\6.8.0\msvc2022_64\lib\Qt6QmlNetworkd.prl
2026-06-15 12:00:37,870 - aqt.updater - INFO - updater 17796 Patching C:\Qt\6.8.0\msvc2022_64\lib\Qt6QmlToolingSettings.prl
2026-06-15 12:00:37,877 - aqt.updater - INFO - updater 17796 Patching C:\Qt\6.8.0\msvc2022_64\lib\Qt6QmlToolingSettingsd.prl
2026-06-15 12:00:37,885 - aqt.updater - INFO - updater 17796 Patching C:\Qt\6.8.0\msvc2022_64\lib\Qt6QmlTypeRegistrar.prl
2026-06-15 12:00:37,891 - aqt.updater - INFO - updater 17796 Patching C:\Qt\6.8.0\msvc2022_64\lib\Qt6QmlTypeRegistrard.prl
2026-06-15 12:00:37,898 - aqt.updater - INFO - updater 17796 Patching C:\Qt\6.8.0\msvc2022_64\lib\Qt6QmlWorkerScript.prl
2026-06-15 12:00:37,905 - aqt.updater - INFO - updater 17796 Patching C:\Qt\6.8.0\msvc2022_64\lib\Qt6QmlWorkerScriptd.prl
2026-06-15 12:00:37,911 - aqt.updater - INFO - updater 17796 Patching C:\Qt\6.8.0\msvc2022_64\lib\Qt6QmlXmlListModel.prl
2026-06-15 12:00:37,917 - aqt.updater - INFO - updater 17796 Patching C:\Qt\6.8.0\msvc2022_64\lib\Qt6QmlXmlListModeld.prl
2026-06-15 12:00:37,924 - aqt.updater - INFO - updater 17796 Patching C:\Qt\6.8.0\msvc2022_64\lib\Qt6Quick.prl
2026-06-15 12:00:37,931 - aqt.updater - INFO - updater 17796 Patching C:\Qt\6.8.0\msvc2022_64\lib\Qt6QuickControls2.prl
2026-06-15 12:00:37,939 - aqt.updater - INFO - updater 17796 Patching C:\Qt\6.8.0\msvc2022_64\lib\Qt6QuickControls2Basic.prl
2026-06-15 12:00:37,946 - aqt.updater - INFO - updater 17796 Patching C:\Qt\6.8.0\msvc2022_64\lib\Qt6QuickControls2Basicd.prl
2026-06-15 12:00:37,952 - aqt.updater - INFO - updater 17796 Patching C:\Qt\6.8.0\msvc2022_64\lib\Qt6QuickControls2BasicStyleImpl.prl
2026-06-15 12:00:37,959 - aqt.updater - INFO - updater 17796 Patching C:\Qt\6.8.0\msvc2022_64\lib\Qt6QuickControls2BasicStyleImpld.prl
2026-06-15 12:00:37,967 - aqt.updater - INFO - updater 17796 Patching C:\Qt\6.8.0\msvc2022_64\lib\Qt6QuickControls2d.prl
2026-06-15 12:00:37,974 - aqt.updater - INFO - updater 17796 Patching C:\Qt\6.8.0\msvc2022_64\lib\Qt6QuickControls2FluentWinUI3StyleImpl.prl
2026-06-15 12:00:37,981 - aqt.updater - INFO - updater 17796 Patching C:\Qt\6.8.0\msvc2022_64\lib\Qt6QuickControls2FluentWinUI3StyleImpld.prl
2026-06-15 12:00:37,987 - aqt.updater - INFO - updater 17796 Patching C:\Qt\6.8.0\msvc2022_64\lib\Qt6QuickControls2Fusion.prl
2026-06-15 12:00:37,994 - aqt.updater - INFO - updater 17796 Patching C:\Qt\6.8.0\msvc2022_64\lib\Qt6QuickControls2Fusiond.prl
2026-06-15 12:00:38,001 - aqt.updater - INFO - updater 17796 Patching C:\Qt\6.8.0\msvc2022_64\lib\Qt6QuickControls2FusionStyleImpl.prl
2026-06-15 12:00:38,007 - aqt.updater - INFO - updater 17796 Patching C:\Qt\6.8.0\msvc2022_64\lib\Qt6QuickControls2FusionStyleImpld.prl
2026-06-15 12:00:38,014 - aqt.updater - INFO - updater 17796 Patching C:\Qt\6.8.0\msvc2022_64\lib\Qt6QuickControls2Imagine.prl
2026-06-15 12:00:38,020 - aqt.updater - INFO - updater 17796 Patching C:\Qt\6.8.0\msvc2022_64\lib\Qt6QuickControls2Imagined.prl
2026-06-15 12:00:38,027 - aqt.updater - INFO - updater 17796 Patching C:\Qt\6.8.0\msvc2022_64\lib\Qt6QuickControls2ImagineStyleImpl.prl
2026-06-15 12:00:38,035 - aqt.updater - INFO - updater 17796 Patching C:\Qt\6.8.0\msvc2022_64\lib\Qt6QuickControls2ImagineStyleImpld.prl
2026-06-15 12:00:38,042 - aqt.updater - INFO - updater 17796 Patching C:\Qt\6.8.0\msvc2022_64\lib\Qt6QuickControls2Impl.prl
2026-06-15 12:00:38,047 - aqt.updater - INFO - updater 17796 Patching C:\Qt\6.8.0\msvc2022_64\lib\Qt6QuickControls2Impld.prl
2026-06-15 12:00:38,054 - aqt.updater - INFO - updater 17796 Patching C:\Qt\6.8.0\msvc2022_64\lib\Qt6QuickControls2Material.prl
2026-06-15 12:00:38,061 - aqt.updater - INFO - updater 17796 Patching C:\Qt\6.8.0\msvc2022_64\lib\Qt6QuickControls2Materiald.prl
2026-06-15 12:00:38,067 - aqt.updater - INFO - updater 17796 Patching C:\Qt\6.8.0\msvc2022_64\lib\Qt6QuickControls2MaterialStyleImpl.prl
2026-06-15 12:00:38,074 - aqt.updater - INFO - updater 17796 Patching C:\Qt\6.8.0\msvc2022_64\lib\Qt6QuickControls2MaterialStyleImpld.prl
2026-06-15 12:00:38,080 - aqt.updater - INFO - updater 17796 Patching C:\Qt\6.8.0\msvc2022_64\lib\Qt6QuickControls2Universal.prl
2026-06-15 12:00:38,087 - aqt.updater - INFO - updater 17796 Patching C:\Qt\6.8.0\msvc2022_64\lib\Qt6QuickControls2Universald.prl
2026-06-15 12:00:38,093 - aqt.updater - INFO - updater 17796 Patching C:\Qt\6.8.0\msvc2022_64\lib\Qt6QuickControls2UniversalStyleImpl.prl
2026-06-15 12:00:38,100 - aqt.updater - INFO - updater 17796 Patching C:\Qt\6.8.0\msvc2022_64\lib\Qt6QuickControls2UniversalStyleImpld.prl
2026-06-15 12:00:38,107 - aqt.updater - INFO - updater 17796 Patching C:\Qt\6.8.0\msvc2022_64\lib\Qt6QuickControls2WindowsStyleImpl.prl
2026-06-15 12:00:38,113 - aqt.updater - INFO - updater 17796 Patching C:\Qt\6.8.0\msvc2022_64\lib\Qt6QuickControls2WindowsStyleImpld.prl
2026-06-15 12:00:38,119 - aqt.updater - INFO - updater 17796 Patching C:\Qt\6.8.0\msvc2022_64\lib\Qt6QuickControlsTestUtils.prl
2026-06-15 12:00:38,125 - aqt.updater - INFO - updater 17796 Patching C:\Qt\6.8.0\msvc2022_64\lib\Qt6QuickControlsTestUtilsd.prl
2026-06-15 12:00:38,132 - aqt.updater - INFO - updater 17796 Patching C:\Qt\6.8.0\msvc2022_64\lib\Qt6Quickd.prl
2026-06-15 12:00:38,138 - aqt.updater - INFO - updater 17796 Patching C:\Qt\6.8.0\msvc2022_64\lib\Qt6QuickDialogs2.prl
2026-06-15 12:00:38,143 - aqt.updater - INFO - updater 17796 Patching C:\Qt\6.8.0\msvc2022_64\lib\Qt6QuickDialogs2d.prl
2026-06-15 12:00:38,150 - aqt.updater - INFO - updater 17796 Patching C:\Qt\6.8.0\msvc2022_64\lib\Qt6QuickDialogs2QuickImpl.prl
2026-06-15 12:00:38,155 - aqt.updater - INFO - updater 17796 Patching C:\Qt\6.8.0\msvc2022_64\lib\Qt6QuickDialogs2QuickImpld.prl
2026-06-15 12:00:38,163 - aqt.updater - INFO - updater 17796 Patching C:\Qt\6.8.0\msvc2022_64\lib\Qt6QuickDialogs2Utils.prl
2026-06-15 12:00:38,170 - aqt.updater - INFO - updater 17796 Patching C:\Qt\6.8.0\msvc2022_64\lib\Qt6QuickDialogs2Utilsd.prl
2026-06-15 12:00:38,176 - aqt.updater - INFO - updater 17796 Patching C:\Qt\6.8.0\msvc2022_64\lib\Qt6QuickEffects.prl
2026-06-15 12:00:38,183 - aqt.updater - INFO - updater 17796 Patching C:\Qt\6.8.0\msvc2022_64\lib\Qt6QuickEffectsd.prl
2026-06-15 12:00:38,190 - aqt.updater - INFO - updater 17796 Patching C:\Qt\6.8.0\msvc2022_64\lib\Qt6QuickLayouts.prl
2026-06-15 12:00:38,196 - aqt.updater - INFO - updater 17796 Patching C:\Qt\6.8.0\msvc2022_64\lib\Qt6QuickLayoutsd.prl
2026-06-15 12:00:38,203 - aqt.updater - INFO - updater 17796 Patching C:\Qt\6.8.0\msvc2022_64\lib\Qt6QuickParticles.prl
2026-06-15 12:00:38,209 - aqt.updater - INFO - updater 17796 Patching C:\Qt\6.8.0\msvc2022_64\lib\Qt6QuickParticlesd.prl
2026-06-15 12:00:38,215 - aqt.updater - INFO - updater 17796 Patching C:\Qt\6.8.0\msvc2022_64\lib\Qt6QuickShapes.prl
2026-06-15 12:00:38,222 - aqt.updater - INFO - updater 17796 Patching C:\Qt\6.8.0\msvc2022_64\lib\Qt6QuickShapesd.prl
2026-06-15 12:00:38,230 - aqt.updater - INFO - updater 17796 Patching C:\Qt\6.8.0\msvc2022_64\lib\Qt6QuickTemplates2.prl
2026-06-15 12:00:38,236 - aqt.updater - INFO - updater 17796 Patching C:\Qt\6.8.0\msvc2022_64\lib\Qt6QuickTemplates2d.prl
2026-06-15 12:00:38,242 - aqt.updater - INFO - updater 17796 Patching C:\Qt\6.8.0\msvc2022_64\lib\Qt6QuickTest.prl
2026-06-15 12:00:38,248 - aqt.updater - INFO - updater 17796 Patching C:\Qt\6.8.0\msvc2022_64\lib\Qt6QuickTestd.prl
2026-06-15 12:00:38,254 - aqt.updater - INFO - updater 17796 Patching C:\Qt\6.8.0\msvc2022_64\lib\Qt6QuickTestUtils.prl
2026-06-15 12:00:38,260 - aqt.updater - INFO - updater 17796 Patching C:\Qt\6.8.0\msvc2022_64\lib\Qt6QuickTestUtilsd.prl
2026-06-15 12:00:38,268 - aqt.updater - INFO - updater 17796 Patching C:\Qt\6.8.0\msvc2022_64\lib\Qt6QuickVectorImage.prl
2026-06-15 12:00:38,274 - aqt.updater - INFO - updater 17796 Patching C:\Qt\6.8.0\msvc2022_64\lib\Qt6QuickVectorImaged.prl
2026-06-15 12:00:38,280 - aqt.updater - INFO - updater 17796 Patching C:\Qt\6.8.0\msvc2022_64\lib\Qt6QuickVectorImageGenerator.prl
2026-06-15 12:00:38,287 - aqt.updater - INFO - updater 17796 Patching C:\Qt\6.8.0\msvc2022_64\lib\Qt6QuickVectorImageGeneratord.prl
2026-06-15 12:00:38,293 - aqt.updater - INFO - updater 17796 Patching C:\Qt\6.8.0\msvc2022_64\lib\Qt6QuickWidgets.prl
2026-06-15 12:00:38,300 - aqt.updater - INFO - updater 17796 Patching C:\Qt\6.8.0\msvc2022_64\lib\Qt6QuickWidgetsd.prl
2026-06-15 12:00:38,306 - aqt.updater - INFO - updater 17796 Patching C:\Qt\6.8.0\msvc2022_64\lib\Qt6Sql.prl
2026-06-15 12:00:38,312 - aqt.updater - INFO - updater 17796 Patching C:\Qt\6.8.0\msvc2022_64\lib\Qt6Sqld.prl
2026-06-15 12:00:38,318 - aqt.updater - INFO - updater 17796 Patching C:\Qt\6.8.0\msvc2022_64\lib\Qt6Svg.prl
2026-06-15 12:00:38,324 - aqt.updater - INFO - updater 17796 Patching C:\Qt\6.8.0\msvc2022_64\lib\Qt6Svgd.prl
2026-06-15 12:00:38,330 - aqt.updater - INFO - updater 17796 Patching C:\Qt\6.8.0\msvc2022_64\lib\Qt6SvgWidgets.prl
2026-06-15 12:00:38,336 - aqt.updater - INFO - updater 17796 Patching C:\Qt\6.8.0\msvc2022_64\lib\Qt6SvgWidgetsd.prl
2026-06-15 12:00:38,341 - aqt.updater - INFO - updater 17796 Patching C:\Qt\6.8.0\msvc2022_64\lib\Qt6Test.prl
2026-06-15 12:00:38,348 - aqt.updater - INFO - updater 17796 Patching C:\Qt\6.8.0\msvc2022_64\lib\Qt6Testd.prl
2026-06-15 12:00:38,354 - aqt.updater - INFO - updater 17796 Patching C:\Qt\6.8.0\msvc2022_64\lib\Qt6UiTools.prl
2026-06-15 12:00:38,361 - aqt.updater - INFO - updater 17796 Patching C:\Qt\6.8.0\msvc2022_64\lib\Qt6UiToolsd.prl
2026-06-15 12:00:38,367 - aqt.updater - INFO - updater 17796 Patching C:\Qt\6.8.0\msvc2022_64\lib\Qt6Widgets.prl
2026-06-15 12:00:38,373 - aqt.updater - INFO - updater 17796 Patching C:\Qt\6.8.0\msvc2022_64\lib\Qt6Widgetsd.prl
2026-06-15 12:00:38,380 - aqt.updater - INFO - updater 17796 Patching C:\Qt\6.8.0\msvc2022_64\lib\Qt6Xml.prl
2026-06-15 12:00:38,386 - aqt.updater - INFO - updater 17796 Patching C:\Qt\6.8.0\msvc2022_64\lib\Qt6Xmld.prl
2026-06-15 12:00:38,393 - aqt.main - INFO - installer 17796 Finished installation
2026-06-15 12:00:38,393 - aqt.main - INFO - installer 17796 Time elapsed: 29.15346940 second
